Archive member included to satisfy reference by file (symbol)

C:/ST/STM32CubeIDE_1.15.1/STM32CubeIDE/plugins/com.st.stm32cube.ide.mcu.externaltools.gnu-tools-for-stm32.12.3.rel1.win32_1.0.200.202406191623/tools/bin/../lib/gcc/arm-none-eabi/12.3.1/../../../../arm-none-eabi/lib/thumb/v7-m/nofp\libc_nano.a(libc_a-exit.o)
                              C:/ST/STM32CubeIDE_1.15.1/STM32CubeIDE/plugins/com.st.stm32cube.ide.mcu.externaltools.gnu-tools-for-stm32.12.3.rel1.win32_1.0.200.202406191623/tools/bin/../lib/gcc/arm-none-eabi/12.3.1/../../../../arm-none-eabi/lib/thumb/v7-m/nofp/crt0.o (exit)
C:/ST/STM32CubeIDE_1.15.1/STM32CubeIDE/plugins/com.st.stm32cube.ide.mcu.externaltools.gnu-tools-for-stm32.12.3.rel1.win32_1.0.200.202406191623/tools/bin/../lib/gcc/arm-none-eabi/12.3.1/../../../../arm-none-eabi/lib/thumb/v7-m/nofp\libc_nano.a(libc_a-findfp.o)
                              C:/ST/STM32CubeIDE_1.15.1/STM32CubeIDE/plugins/com.st.stm32cube.ide.mcu.externaltools.gnu-tools-for-stm32.12.3.rel1.win32_1.0.200.202406191623/tools/bin/../lib/gcc/arm-none-eabi/12.3.1/../../../../arm-none-eabi/lib/thumb/v7-m/nofp\libc_nano.a(libc_a-exit.o) (__stdio_exit_handler)
C:/ST/STM32CubeIDE_1.15.1/STM32CubeIDE/plugins/com.st.stm32cube.ide.mcu.externaltools.gnu-tools-for-stm32.12.3.rel1.win32_1.0.200.202406191623/tools/bin/../lib/gcc/arm-none-eabi/12.3.1/../../../../arm-none-eabi/lib/thumb/v7-m/nofp\libc_nano.a(libc_a-fwalk.o)
                              C:/ST/STM32CubeIDE_1.15.1/STM32CubeIDE/plugins/com.st.stm32cube.ide.mcu.externaltools.gnu-tools-for-stm32.12.3.rel1.win32_1.0.200.202406191623/tools/bin/../lib/gcc/arm-none-eabi/12.3.1/../../../../arm-none-eabi/lib/thumb/v7-m/nofp\libc_nano.a(libc_a-findfp.o) (_fwalk_sglue)
C:/ST/STM32CubeIDE_1.15.1/STM32CubeIDE/plugins/com.st.stm32cube.ide.mcu.externaltools.gnu-tools-for-stm32.12.3.rel1.win32_1.0.200.202406191623/tools/bin/../lib/gcc/arm-none-eabi/12.3.1/../../../../arm-none-eabi/lib/thumb/v7-m/nofp\libc_nano.a(libc_a-snprintf.o)
                              ./HAL/LCD2x16.o (snprintf)
C:/ST/STM32CubeIDE_1.15.1/STM32CubeIDE/plugins/com.st.stm32cube.ide.mcu.externaltools.gnu-tools-for-stm32.12.3.rel1.win32_1.0.200.202406191623/tools/bin/../lib/gcc/arm-none-eabi/12.3.1/../../../../arm-none-eabi/lib/thumb/v7-m/nofp\libc_nano.a(libc_a-stdio.o)
                              C:/ST/STM32CubeIDE_1.15.1/STM32CubeIDE/plugins/com.st.stm32cube.ide.mcu.externaltools.gnu-tools-for-stm32.12.3.rel1.win32_1.0.200.202406191623/tools/bin/../lib/gcc/arm-none-eabi/12.3.1/../../../../arm-none-eabi/lib/thumb/v7-m/nofp\libc_nano.a(libc_a-findfp.o) (__sread)
C:/ST/STM32CubeIDE_1.15.1/STM32CubeIDE/plugins/com.st.stm32cube.ide.mcu.externaltools.gnu-tools-for-stm32.12.3.rel1.win32_1.0.200.202406191623/tools/bin/../lib/gcc/arm-none-eabi/12.3.1/../../../../arm-none-eabi/lib/thumb/v7-m/nofp\libc_nano.a(libc_a-memset.o)
                              C:/ST/STM32CubeIDE_1.15.1/STM32CubeIDE/plugins/com.st.stm32cube.ide.mcu.externaltools.gnu-tools-for-stm32.12.3.rel1.win32_1.0.200.202406191623/tools/bin/../lib/gcc/arm-none-eabi/12.3.1/../../../../arm-none-eabi/lib/thumb/v7-m/nofp/crt0.o (memset)
C:/ST/STM32CubeIDE_1.15.1/STM32CubeIDE/plugins/com.st.stm32cube.ide.mcu.externaltools.gnu-tools-for-stm32.12.3.rel1.win32_1.0.200.202406191623/tools/bin/../lib/gcc/arm-none-eabi/12.3.1/../../../../arm-none-eabi/lib/thumb/v7-m/nofp\libc_nano.a(libc_a-closer.o)
                              C:/ST/STM32CubeIDE_1.15.1/STM32CubeIDE/plugins/com.st.stm32cube.ide.mcu.externaltools.gnu-tools-for-stm32.12.3.rel1.win32_1.0.200.202406191623/tools/bin/../lib/gcc/arm-none-eabi/12.3.1/../../../../arm-none-eabi/lib/thumb/v7-m/nofp\libc_nano.a(libc_a-stdio.o) (_close_r)
C:/ST/STM32CubeIDE_1.15.1/STM32CubeIDE/plugins/com.st.stm32cube.ide.mcu.externaltools.gnu-tools-for-stm32.12.3.rel1.win32_1.0.200.202406191623/tools/bin/../lib/gcc/arm-none-eabi/12.3.1/../../../../arm-none-eabi/lib/thumb/v7-m/nofp\libc_nano.a(libc_a-reent.o)
                              C:/ST/STM32CubeIDE_1.15.1/STM32CubeIDE/plugins/com.st.stm32cube.ide.mcu.externaltools.gnu-tools-for-stm32.12.3.rel1.win32_1.0.200.202406191623/tools/bin/../lib/gcc/arm-none-eabi/12.3.1/../../../../arm-none-eabi/lib/thumb/v7-m/nofp\libc_nano.a(libc_a-closer.o) (errno)
C:/ST/STM32CubeIDE_1.15.1/STM32CubeIDE/plugins/com.st.stm32cube.ide.mcu.externaltools.gnu-tools-for-stm32.12.3.rel1.win32_1.0.200.202406191623/tools/bin/../lib/gcc/arm-none-eabi/12.3.1/../../../../arm-none-eabi/lib/thumb/v7-m/nofp\libc_nano.a(libc_a-impure.o)
                              C:/ST/STM32CubeIDE_1.15.1/STM32CubeIDE/plugins/com.st.stm32cube.ide.mcu.externaltools.gnu-tools-for-stm32.12.3.rel1.win32_1.0.200.202406191623/tools/bin/../lib/gcc/arm-none-eabi/12.3.1/../../../../arm-none-eabi/lib/thumb/v7-m/nofp\libc_nano.a(libc_a-snprintf.o) (_impure_ptr)
[...]
Memory Configuration

Name             Origin             Length             Attributes
RAM              0x20000000         0x00002800         xrw
FLASH            0x08000000         0x00008000         xr
*default*        0x00000000         0xffffffff

Linker script and memory map

LOAD C:/ST/STM32CubeIDE_1.15.1/STM32CubeIDE/plugins/com.st.stm32cube.ide.mcu.externaltools.gnu-tools-for-stm32.12.3.rel1.win32_1.0.200.202406191623/tools/bin/../lib/gcc/arm-none-eabi/12.3.1/thumb/v7-m/nofp/crti.o
LOAD C:/ST/STM32CubeIDE_1.15.1/STM32CubeIDE/plugins/com.st.stm32cube.ide.mcu.externaltools.gnu-tools-for-stm32.12.3.rel1.win32_1.0.200.202406191623/tools/bin/../lib/gcc/arm-none-eabi/12.3.1/thumb/v7-m/nofp/crtbegin.o
LOAD C:/ST/STM32CubeIDE_1.15.1/STM32CubeIDE/plugins/com.st.stm32cube.ide.mcu.externaltools.gnu-tools-for-stm32.12.3.rel1.win32_1.0.200.202406191623/tools/bin/../lib/gcc/arm-none-eabi/12.3.1/../../../../arm-none-eabi/lib/thumb/v7-m/nofp/crt0.o
LOAD ./HAL/Buzzer.o
LOAD ./HAL/EEPROM_SlaveI2C.o
LOAD ./HAL/EEPROM_SlaveSPI.o
LOAD ./HAL/IRSensor.o
LOAD ./HAL/Keypad.o
LOAD ./HAL/LCD2x16.o
LOAD ./HAL/LED.o
LOAD ./HAL/ServoMotor_PWM.o
LOAD ./MCU/STM32F103x6_EXTI_Driver.o
LOAD ./MCU/STM32F103x6_GPIO_Driver.o
LOAD ./MCU/STM32F103x6_GPTIM_Driver.o
LOAD ./MCU/STM32F103x6_I2C_Driver.o
LOAD ./MCU/STM32F103x6_RCC_Driver.o
LOAD ./MCU/STM32F103x6_SPI_Driver.o
LOAD ./MCU/STM32F103x6_USART_Driver.o
LOAD ./RTOS/RTOS_CMxPorting.o
LOAD ./RTOS/RTOS_Queues.o
LOAD ./RTOS/RTOS_Scheduler.o
LOAD ./Src/main.o
LOAD ./Src/syscalls.o
LOAD ./Src/sysmem.o
LOAD ./Startup/startup_stm32f103c6tx.o
LOAD ./Utils/Queue.o
START GROUP
LOAD C:/ST/STM32CubeIDE_1.15.1/STM32CubeIDE/plugins/com.st.stm32cube.ide.mcu.externaltools.gnu-tools-for-stm32.12.3.rel1.win32_1.0.200.202406191623/tools/bin/../lib/gcc/arm-none-eabi/12.3.1/../../../../arm-none-eabi/lib/thumb/v7-m/nofp\libc_nano.a
LOAD C:/ST/STM32CubeIDE_1.15.1/STM32CubeIDE/plugins/com.st.stm32cube.ide.mcu.externaltools.gnu-tools-for-stm32.12.3.rel1.win32_1.0.200.202406191623/tools/bin/../lib/gcc/arm-none-eabi/12.3.1/../../../../arm-none-eabi/lib/thumb/v7-m/nofp\libm.a
END GROUP
START GROUP
LOAD C:/ST/STM32CubeIDE_1.15.1/STM32CubeIDE/plugins/com.st.stm32cube.ide.mcu.externaltools.gnu-tools-for-stm32.12.3.rel1.win32_1.0.200.202406191623/tools/bin/../lib/gcc/arm-none-eabi/12.3.1/thumb/v7-m/nofp\libgcc.a
LOAD C:/ST/STM32CubeIDE_1.15.1/STM32CubeIDE/plugins/com.st.stm32cube.ide.mcu.externaltools.gnu-tools-for-stm32.12.3.rel1.win32_1.0.200.202406191623/tools/bin/../lib/gcc/arm-none-eabi/12.3.1/../../../../arm-none-eabi/lib/thumb/v7-m/nofp\libg_nano.a
LOAD C:/ST/STM32CubeIDE_1.15.1/STM32CubeIDE/plugins/com.st.stm32cube.ide.mcu.externaltools.gnu-tools-for-stm32.12.3.rel1.win32_1.0.200.202406191623/tools/bin/../lib/gcc/arm-none-eabi/12.3.1/../../../../arm-none-eabi/lib/thumb/v7-m/nofp\libc_nano.a
END GROUP
START GROUP
LOAD C:/ST/STM32CubeIDE_1.15.1/STM32CubeIDE/plugins/com.st.stm32cube.ide.mcu.externaltools.gnu-tools-for-stm32.12.3.rel1.win32_1.0.200.202406191623/tools/bin/../lib/gcc/arm-none-eabi/12.3.1/thumb/v7-m/nofp\libgcc.a
LOAD C:/ST/STM32CubeIDE_1.15.1/STM32CubeIDE/plugins/com.st.stm32cube.ide.mcu.externaltools.gnu-tools-for-stm32.12.3.rel1.win32_1.0.200.202406191623/tools/bin/../lib/gcc/arm-none-eabi/12.3.1/../../../../arm-none-eabi/lib/thumb/v7-m/nofp\libc_nano.a
LOAD C:/ST/STM32CubeIDE_1.15.1/STM32CubeIDE/plugins/com.st.stm32cube.ide.mcu.externaltools.gnu-tools-for-stm32.12.3.rel1.win32_1.0.200.202406191623/tools/bin/../lib/gcc/arm-none-eabi/12.3.1/../../../../arm-none-eabi/lib/thumb/v7-m/nofp\libnosys.a
END GROUP
START GROUP
LOAD C:/ST/STM32CubeIDE_1.15.1/STM32CubeIDE/plugins/com.st.stm32cube.ide.mcu.externaltools.gnu-tools-for-stm32.12.3.rel1.win32_1.0.200.202406191623/tools/bin/../lib/gcc/arm-none-eabi/12.3.1/thumb/v7-m/nofp\libgcc.a
LOAD C:/ST/STM32CubeIDE_1.15.1/STM32CubeIDE/plugins/com.st.stm32cube.ide.mcu.externaltools.gnu-tools-for-stm32.12.3.rel1.win32_1.0.200.202406191623/tools/bin/../lib/gcc/arm-none-eabi/12.3.1/../../../../arm-none-eabi/lib/thumb/v7-m/nofp\libc_nano.a
LOAD C:/ST/STM32CubeIDE_1.15.1/STM32CubeIDE/plugins/com.st.stm32cube.ide.mcu.externaltools.gnu-tools-for-stm32.12.3.rel1.win32_1.0.200.202406191623/tools/bin/../lib/gcc/arm-none-eabi/12.3.1/../../../../arm-none-eabi/lib/thumb/v7-m/nofp\libnosys.a
END GROUP
LOAD C:/ST/STM32CubeIDE_1.15.1/STM32CubeIDE/plugins/com.st.stm32cube.ide.mcu.externaltools.gnu-tools-for-stm32.12.3.rel1.win32_1.0.200.202406191623/tools/bin/../lib/gcc/arm-none-eabi/12.3.1/thumb/v7-m/nofp/crtend.o
LOAD C:/ST/STM32CubeIDE_1.15.1/STM32CubeIDE/plugins/com.st.stm32cube.ide.mcu.externaltools.gnu-tools-for-stm32.12.3.rel1.win32_1.0.200.202406191623/tools/bin/../lib/gcc/arm-none-eabi/12.3.1/thumb/v7-m/nofp/crtn.o
                0x20002800                        _estack = (ORIGIN (RAM) + LENGTH (RAM))
                0x00000200                        _Min_Heap_Size = 0x200
                0x00000400                        _Min_Stack_Size = 0x400

.isr_vector     0x08000000      0x130
                0x08000000                        . = ALIGN (0x4)
 *(.isr_vector)
 .isr_vector    0x08000000      0x130 ./Startup/startup_stm32f103c6tx.o
                0x08000000                g_pfnVectors
                0x08000130                        . = ALIGN (0x4)

.text           0x08000130     0x1638
                0x08000130                        . = ALIGN (0x4)
 *(.text)
 .text          0x08000130       0x40 C:/ST/STM32CubeIDE_1.15.1/STM32CubeIDE/plugins/com.st.stm32cube.ide.mcu.externaltools.gnu-tools-for-stm32.12.3.rel1.win32_1.0.200.202406191623/tools/bin/../lib/gcc/arm-none-eabi/12.3.1/thumb/v7-m/nofp/crtbegin.o
 *(.text*)
 .text.EXTI0_IRQHandler
                0x08000170       0x24 ./MCU/STM32F103x6_EXTI_Driver.o
                0x08000170                EXTI0_IRQHandler
 .text.EXTI1_IRQHandler
                0x08000194       0x24 ./MCU/STM32F103x6_EXTI_Driver.o
                0x08000194                EXTI1_IRQHandler
 .text.EXTI2_IRQHandler
                0x080001b8       0x24 ./MCU/STM32F103x6_EXTI_Driver.o
                0x080001b8                EXTI2_IRQHandler
 .text.EXTI3_IRQHandler
                0x080001dc       0x24 ./MCU/STM32F103x6_EXTI_Driver.o
                0x080001dc                EXTI3_IRQHandler
 .text.EXTI4_IRQHandler
                0x08000200       0x24 ./MCU/STM32F103x6_EXTI_Driver.o
                0x08000200                EXTI4_IRQHandler
 .text.EXTI9_5_IRQHandler
                0x08000224       0xb0 ./MCU/STM32F103x6_EXTI_Driver.o
                0x08000224                EXTI9_5_IRQHandler
 .text.EXTI15_10_IRQHandler
                0x080002d4       0xd0 ./MCU/STM32F103x6_EXTI_Driver.o
                0x080002d4                EXTI15_10_IRQHandler
 .text.I2C_getFLAG
                0x080003a4      0x2ec ./MCU/STM32F103x6_I2C_Driver.o
                0x080003a4                I2C_getFLAG
 .text.I2C1_EV_IRQHandler
                0x08000690      0x18c ./MCU/STM32F103x6_I2C_Driver.o
                0x08000690                I2C1_EV_IRQHandler
 .text.I2C1_ER_IRQHandler
                0x0800081c        0xc ./MCU/STM32F103x6_I2C_Driver.o
                0x0800081c                I2C1_ER_IRQHandler
 .text.I2C2_EV_IRQHandler
                0x08000828      0x18c ./MCU/STM32F103x6_I2C_Driver.o
                0x08000828                I2C2_EV_IRQHandler
 .text.I2C2_ER_IRQHandler
                0x080009b4        0xc ./MCU/STM32F103x6_I2C_Driver.o
                0x080009b4                I2C2_ER_IRQHandler
 .text.SPI1_IRQHandler
                0x080009c0       0x84 ./MCU/STM32F103x6_SPI_Driver.o
                0x080009c0                SPI1_IRQHandler
 .text.SPI2_IRQHandler
                0x08000a44       0x84 ./MCU/STM32F103x6_SPI_Driver.o
                0x08000a44                SPI2_IRQHandler
 .text.USART1_IRQHandler
                0x08000ac8       0x14 ./MCU/STM32F103x6_USART_Driver.o
                0x08000ac8                USART1_IRQHandler
 .text.USART2_IRQHandler
                0x08000adc       0x14 ./MCU/STM32F103x6_USART_Driver.o
                0x08000adc                USART2_IRQHandler
 .text.USART3_IRQHandler
                0x08000af0       0x14 ./MCU/STM32F103x6_USART_Driver.o
                0x08000af0                USART3_IRQHandler
 .text.__NVIC_SetPriority
                0x08000b04       0x54 ./RTOS/RTOS_CMxPorting.o
 .text.SysTick_Config
                0x08000b58       0x44 ./RTOS/RTOS_CMxPorting.o
 .text.HardFault_Handler
                0x08000b9c        0x8 ./RTOS/RTOS_CMxPorting.o
                0x08000b9c                HardFault_Handler
 .text.MemManage_Handler
                0x08000ba4        0x8 ./RTOS/RTOS_CMxPorting.o
                0x08000ba4                MemManage_Handler
 .text.BusFault_Handler
                0x08000bac        0x8 ./RTOS/RTOS_CMxPorting.o
                0x08000bac                BusFault_Handler
 .text.UsageFault_Handler
                0x08000bb4        0x8 ./RTOS/RTOS_CMxPorting.o
                0x08000bb4                UsageFault_Handler
 .text.SVC_Handler
                0x08000bbc       0x14 ./RTOS/RTOS_CMxPorting.o
                0x08000bbc                SVC_Handler
 .text.RTOS_HW_init
                0x08000bd0       0x12 ./RTOS/RTOS_CMxPorting.o
                0x08000bd0                RTOS_HW_init
 .text.RTOS_StartOSTicker
                0x08000be2       0x20 ./RTOS/RTOS_CMxPorting.o
                0x08000be2                RTOS_StartOSTicker
 *fill*         0x08000c02        0x2 
 .text.anaRTOS_Init
                0x08000c04       0x5c ./RTOS/RTOS_Scheduler.o
                0x08000c04                anaRTOS_Init
 .text.anaRTOS_CreateTask
                0x08000c60       0x74 ./RTOS/RTOS_Scheduler.o
                0x08000c60                anaRTOS_CreateTask
 .text.anaRTOS_ActivateTask
                0x08000cd4       0x1c ./RTOS/RTOS_Scheduler.o
                0x08000cd4                anaRTOS_ActivateTask
 .text.anaRTOS_TerminateTask
                0x08000cf0       0x1c ./RTOS/RTOS_Scheduler.o
                0x08000cf0                anaRTOS_TerminateTask
 .text.anaRTOS_StartOS
                0x08000d0c       0x6c ./RTOS/RTOS_Scheduler.o
                0x08000d0c                anaRTOS_StartOS
 .text.SVC_Handler_C
                0x08000d78       0x6c ./RTOS/RTOS_Scheduler.o
                0x08000d78                SVC_Handler_C
 .text.MSP_Init
                0x08000de4       0x3c ./RTOS/RTOS_Scheduler.o
                0x08000de4                MSP_Init
 .text.TCB_Init
                0x08000e20       0x74 ./RTOS/RTOS_Scheduler.o
                0x08000e20                TCB_Init
 .text.anaRTOS_IdleTaskFunc
                0x08000e94       0x1c ./RTOS/RTOS_Scheduler.o
                0x08000e94                anaRTOS_IdleTaskFunc
 .text.anaRTOS_UpdateReadyQueue
                0x08000eb0       0x50 ./RTOS/RTOS_Scheduler.o
                0x08000eb0                anaRTOS_UpdateReadyQueue
 .text.anaRTOS_UpdateNextExecutedTask
                0x08000f00       0xf8 ./RTOS/RTOS_Scheduler.o
                0x08000f00                anaRTOS_UpdateNextExecutedTask
 .text.BubbleSortArr
                0x08000ff8       0x98 ./RTOS/RTOS_Scheduler.o
                0x08000ff8                BubbleSortArr
 .text.anaRTOS_AddHighPriorityTaskToReadyQueue
                0x08001090       0xa8 ./RTOS/RTOS_Scheduler.o
                0x08001090                anaRTOS_AddHighPriorityTaskToReadyQueue
 .text.anaRTOS_UpdateTaskHoldingTime
                0x08001138       0x8c ./RTOS/RTOS_Scheduler.o
                0x08001138                anaRTOS_UpdateTaskHoldingTime
 .text.PendSV_Handler
                0x080011c4      0x1c8 ./RTOS/RTOS_Scheduler.o
                0x080011c4                PendSV_Handler
 .text.SysTick_Handler
                0x0800138c       0x44 ./RTOS/RTOS_Scheduler.o
                0x0800138c                SysTick_Handler
 .text.ToggleTaskLED
                0x080013d0       0x36 ./Src/main.o
                0x080013d0                ToggleTaskLED
 *fill*         0x08001406        0x2 
 .text.Task1Func
                0x08001408       0x20 ./Src/main.o
                0x08001408                Task1Func
 .text.Task2Func
                0x08001428       0x30 ./Src/main.o
                0x08001428                Task2Func
 .text.Task3Func
                0x08001458       0x20 ./Src/main.o
                0x08001458                Task3Func
 .text.main     0x08001478       0xdc ./Src/main.o
                0x08001478                main
 .text.Reset_Handler
                0x08001554       0x50 ./Startup/startup_stm32f103c6tx.o
                0x08001554                Reset_Handler
 .text.Default_Handler
                0x080015a4        0x2 ./Startup/startup_stm32f103c6tx.o
                0x080015a4                TIM8_TRG_COM_IRQHandler
                0x080015a4                TIM8_CC_IRQHandler
                0x080015a4                DebugMon_Handler
                0x080015a4                TIM1_CC_IRQHandler
                0x080015a4                TIM6_IRQHandler
                0x080015a4                PVD_IRQHandler
                0x080015a4                SDIO_IRQHandler
                0x080015a4                NMI_Handler
                0x080015a4                USB_HP_CAN_TX_IRQHandler
                0x080015a4                ADC1_2_IRQHandler
                0x080015a4                CAN_SCE_IRQHandler
                0x080015a4                TAMPER_IRQHandler
                0x080015a4                TIM8_UP_IRQHandler
                0x080015a4                DMA2_Channel2_IRQHandler
                0x080015a4                DMA1_Channel4_IRQHandler
                0x080015a4                RTC_IRQHandler
                0x080015a4                DMA1_Channel7_IRQHandler
                0x080015a4                UART5_IRQHandler
                0x080015a4                ADC3_IRQHandler
                0x080015a4                TIM4_IRQHandler
                0x080015a4                CAN_RX1_IRQHandler
                0x080015a4                DMA2_Channel1_IRQHandler
                0x080015a4                DMA1_Channel6_IRQHandler
                0x080015a4                UART4_IRQHandler
                0x080015a4                TIM3_IRQHandler
                0x080015a4                RCC_IRQHandler
                0x080015a4                TIM1_TRG_COM_IRQHandler
                0x080015a4                DMA1_Channel1_IRQHandler
                0x080015a4                Default_Handler
                0x080015a4                TIM7_IRQHandler
                0x080015a4                TIM5_IRQHandler
                0x080015a4                USB_LP_CAN_RX0_IRQHandler
                0x080015a4                DMA1_Channel5_IRQHandler
                0x080015a4                DMA1_Channel3_IRQHandler
                0x080015a4                FSMC_IRQHandler
                0x080015a4                TIM1_UP_IRQHandler
                0x080015a4                WWDG_IRQHandler
                0x080015a4                TIM2_IRQHandler
                0x080015a4                TIM1_BRK_IRQHandler
                0x080015a4                RTCAlarm_IRQHandler
                0x080015a4                DMA2_Channel4_5_IRQHandler
                0x080015a4                DMA1_Channel2_IRQHandler
                0x080015a4                TIM8_BRK_IRQHandler
                0x080015a4                FLASH_IRQHandler
                0x080015a4                SPI3_IRQHandler
                0x080015a4                DMA2_Channel3_IRQHandler
 .text.Queue_init
                0x080015a6       0x56 ./Utils/Queue.o
                0x080015a6                Queue_init
 .text.Queue_add
                0x080015fc       0x94 ./Utils/Queue.o
                0x080015fc                Queue_add
 .text.Queue_get
                0x08001690       0x78 ./Utils/Queue.o
                0x08001690                Queue_get
 .text.__libc_init_array
                0x08001708       0x48 C:/ST/STM32CubeIDE_1.15.1/STM32CubeIDE/plugins/com.st.stm32cube.ide.mcu.externaltools.gnu-tools-for-stm32.12.3.rel1.win32_1.0.200.202406191623/tools/bin/../lib/gcc/arm-none-eabi/12.3.1/../../../../arm-none-eabi/lib/thumb/v7-m/nofp\libc_nano.a(libc_a-init.o)
                0x08001708                __libc_init_array
 *(.glue_7)
 .glue_7        0x08001750        0x0 linker stubs
 *(.glue_7t)
 .glue_7t       0x08001750        0x0 linker stubs
 *(.eh_frame)
 .eh_frame      0x08001750        0x0 C:/ST/STM32CubeIDE_1.15.1/STM32CubeIDE/plugins/com.st.stm32cube.ide.mcu.externaltools.gnu-tools-for-stm32.12.3.rel1.win32_1.0.200.202406191623/tools/bin/../lib/gcc/arm-none-eabi/12.3.1/thumb/v7-m/nofp/crtbegin.o
 *(.init)
 .init          0x08001750        0x4 C:/ST/STM32CubeIDE_1.15.1/STM32CubeIDE/plugins/com.st.stm32cube.ide.mcu.externaltools.gnu-tools-for-stm32.12.3.rel1.win32_1.0.200.202406191623/tools/bin/../lib/gcc/arm-none-eabi/12.3.1/thumb/v7-m/nofp/crti.o
                0x08001750                _init
 .init          0x08001754        0x8 C:/ST/STM32CubeIDE_1.15.1/STM32CubeIDE/plugins/com.st.stm32cube.ide.mcu.externaltools.gnu-tools-for-stm32.12.3.rel1.win32_1.0.200.202406191623/tools/bin/../lib/gcc/arm-none-eabi/12.3.1/thumb/v7-m/nofp/crtn.o
 *(.fini)
 .fini          0x0800175c        0x4 C:/ST/STM32CubeIDE_1.15.1/STM32CubeIDE/plugins/com.st.stm32cube.ide.mcu.externaltools.gnu-tools-for-stm32.12.3.rel1.win32_1.0.200.202406191623/tools/bin/../lib/gcc/arm-none-eabi/12.3.1/thumb/v7-m/nofp/crti.o
                0x0800175c                _fini
 .fini          0x08001760        0x8 C:/ST/STM32CubeIDE_1.15.1/STM32CubeIDE/plugins/com.st.stm32cube.ide.mcu.externaltools.gnu-tools-for-stm32.12.3.rel1.win32_1.0.200.202406191623/tools/bin/../lib/gcc/arm-none-eabi/12.3.1/thumb/v7-m/nofp/crtn.o
                0x08001768                        . = ALIGN (0x4)
                0x08001768                        _etext = .

.vfp11_veneer   0x08001768        0x0
 .vfp11_veneer  0x08001768        0x0 linker stubs

.v4_bx          0x08001768        0x0
 .v4_bx         0x08001768        0x0 linker stubs

.iplt           0x08001768        0x0
 .iplt          0x08001768        0x0 C:/ST/STM32CubeIDE_1.15.1/STM32CubeIDE/plugins/com.st.stm32cube.ide.mcu.externaltools.gnu-tools-for-stm32.12.3.rel1.win32_1.0.200.202406191623/tools/bin/../lib/gcc/arm-none-eabi/12.3.1/thumb/v7-m/nofp/crtbegin.o

.rodata         0x08001768       0x24
                0x08001768                        . = ALIGN (0x4)
 *(.rodata)
 .rodata        0x08001768        0xa ./RTOS/RTOS_Scheduler.o
 *fill*         0x08001772        0x2 
 .rodata        0x08001774       0x17 ./Src/main.o
 *(.rodata*)
                0x0800178c                        . = ALIGN (0x4)
 *fill*         0x0800178b        0x1 

.ARM.extab      0x0800178c        0x0
                0x0800178c                        . = ALIGN (0x4)
 *(.ARM.extab* .gnu.linkonce.armextab.*)
                0x0800178c                        . = ALIGN (0x4)

.ARM            0x0800178c        0x0
                0x0800178c                        . = ALIGN (0x4)
                0x0800178c                        __exidx_start = .
 *(.ARM.exidx*)
                0x0800178c                        __exidx_end = .
                0x0800178c                        . = ALIGN (0x4)

.preinit_array  0x0800178c        0x0
                0x0800178c                        . = ALIGN (0x4)
                0x0800178c                        PROVIDE (__preinit_array_start = .)
 *(.preinit_array*)
                0x0800178c                        PROVIDE (__preinit_array_end = .)
                0x0800178c                        . = ALIGN (0x4)

.init_array     0x0800178c        0x4
                0x0800178c                        . = ALIGN (0x4)
                0x0800178c                        PROVIDE (__init_array_start = .)
 *(SORT_BY_NAME(.init_array.*))
 *(.init_array*)
 .init_array    0x0800178c        0x4 C:/ST/STM32CubeIDE_1.15.1/STM32CubeIDE/plugins/com.st.stm32cube.ide.mcu.externaltools.gnu-tools-for-stm32.12.3.rel1.win32_1.0.200.202406191623/tools/bin/../lib/gcc/arm-none-eabi/12.3.1/thumb/v7-m/nofp/crtbegin.o
                0x08001790                        PROVIDE (__init_array_end = .)
                0x08001790                        . = ALIGN (0x4)

.fini_array     0x08001790        0x4
                0x08001790                        . = ALIGN (0x4)
                [!provide]                        PROVIDE (__fini_array_start = .)
 *(SORT_BY_NAME(.fini_array.*))
 *(.fini_array*)
 .fini_array    0x08001790        0x4 C:/ST/STM32CubeIDE_1.15.1/STM32CubeIDE/plugins/com.st.stm32cube.ide.mcu.externaltools.gnu-tools-for-stm32.12.3.rel1.win32_1.0.200.202406191623/tools/bin/../lib/gcc/arm-none-eabi/12.3.1/thumb/v7-m/nofp/crtbegin.o
                [!provide]                        PROVIDE (__fini_array_end = .)
                0x08001794                        . = ALIGN (0x4)
                0x08001794                        _sidata = LOADADDR (.data)

.rel.dyn        0x08001794        0x0
 .rel.iplt      0x08001794        0x0 C:/ST/STM32CubeIDE_1.15.1/STM32CubeIDE/plugins/com.st.stm32cube.ide.mcu.externaltools.gnu-tools-for-stm32.12.3.rel1.win32_1.0.200.202406191623/tools/bin/../lib/gcc/arm-none-eabi/12.3.1/thumb/v7-m/nofp/crtbegin.o

.data           0x20000000        0x0 load address 0x08001794
                0x20000000                        . = ALIGN (0x4)
                0x20000000                        _sdata = .
 *(.data)
 *(.data*)
 *(.RamFunc)
 *(.RamFunc*)
                0x20000000                        . = ALIGN (0x4)
                0x20000000                        _edata = .

.igot.plt       0x20000000        0x0 load address 0x08001794
 .igot.plt      0x20000000        0x0 C:/ST/STM32CubeIDE_1.15.1/STM32CubeIDE/plugins/com.st.stm32cube.ide.mcu.externaltools.gnu-tools-for-stm32.12.3.rel1.win32_1.0.200.202406191623/tools/bin/../lib/gcc/arm-none-eabi/12.3.1/thumb/v7-m/nofp/crtbegin.o
                0x20000000                        . = ALIGN (0x4)

.bss            0x20000000      0x590 load address 0x08001794
                0x20000000                        _sbss = .
                0x20000000                        __bss_start__ = _sbss
 *(.bss)
 .bss           0x20000000       0x1c C:/ST/STM32CubeIDE_1.15.1/STM32CubeIDE/plugins/com.st.stm32cube.ide.mcu.externaltools.gnu-tools-for-stm32.12.3.rel1.win32_1.0.200.202406191623/tools/bin/../lib/gcc/arm-none-eabi/12.3.1/thumb/v7-m/nofp/crtbegin.o
 *(.bss*)
 .bss.Gptr_CallbackFUN
                0x2000001c       0x3c ./MCU/STM32F103x6_EXTI_Driver.o
                0x2000001c                Gptr_CallbackFUN
 .bss.I2C_globeConfig
                0x20000058       0x30 ./MCU/STM32F103x6_I2C_Driver.o
                0x20000058                I2C_globeConfig
 .bss.SPI_globeConfig
                0x20000088       0x28 ./MCU/STM32F103x6_SPI_Driver.o
                0x20000088                SPI_globeConfig
 .bss.USART_globeConfig
                0x200000b0       0x3c ./MCU/STM32F103x6_USART_Driver.o
                0x200000b0                USART_globeConfig
 .bss.anaRTOS   0x200000ec      0x1ac ./RTOS/RTOS_Scheduler.o
                0x200000ec                anaRTOS
 .bss.anaRTOS_ReadyArr
                0x20000298      0x190 ./RTOS/RTOS_Scheduler.o
                0x20000298                anaRTOS_ReadyArr
 .bss.anaRTOS_ReadyFIFO
                0x20000428       0x14 ./RTOS/RTOS_Scheduler.o
                0x20000428                anaRTOS_ReadyFIFO
 .bss.anaRTOS_IdleTask
                0x2000043c       0x50 ./RTOS/RTOS_Scheduler.o
                0x2000043c                anaRTOS_IdleTask
 .bss.IdleTaskLED
                0x2000048c        0x4 ./RTOS/RTOS_Scheduler.o
                0x2000048c                IdleTaskLED
 .bss.SysTickLED
                0x20000490        0x4 ./RTOS/RTOS_Scheduler.o
                0x20000490                SysTickLED
 .bss.Task1     0x20000494       0x50 ./Src/main.o
                0x20000494                Task1
 .bss.Task2     0x200004e4       0x50 ./Src/main.o
                0x200004e4                Task2
 .bss.Task3     0x20000534       0x50 ./Src/main.o
                0x20000534                Task3
 .bss.Task1LED  0x20000584        0x4 ./Src/main.o
                0x20000584                Task1LED
 .bss.Task2LED  0x20000588        0x4 ./Src/main.o
                0x20000588                Task2LED
 .bss.Task3LED  0x2000058c        0x4 ./Src/main.o
                0x2000058c                Task3LED
 *(COMMON)
                0x20000590                        . = ALIGN (0x4)
                0x20000590                        _ebss = .
                0x20000590                        __bss_end__ = _ebss

._user_heap_stack
                0x20000590      0x600 load address 0x08001794
                0x20000590                        . = ALIGN (0x8)
                [!provide]                        PROVIDE (end = .)
                0x20000590                        PROVIDE (_end = .)
                0x20000790                        . = (. + _Min_Heap_Size)
 *fill*         0x20000590      0x200 
                0x20000b90                        . = (. + _Min_Stack_Size)
 *fill*         0x20000790      0x400 
                0x20000b90                        . = ALIGN (0x8)

/DISCARD/
 libc.a(*)
 libm.a(*)
 libgcc.a(*)

.ARM.attributes
                0x00000000       0x29
 *(.ARM.attributes)
 .ARM.attributes
                0x00000000       0x1d C:/ST/STM32CubeIDE_1.15.1/STM32CubeIDE/plugins/com.st.stm32cube.ide.mcu.externaltools.gnu-tools-for-stm32.12.3.rel1.win32_1.0.200.202406191623/tools/bin/../lib/gcc/arm-none-eabi/12.3.1/thumb/v7-m/nofp/crti.o
 .ARM.attributes
                0x0000001d       0x2d C:/ST/STM32CubeIDE_1.15.1/STM32CubeIDE/plugins/com.st.stm32cube.ide.mcu.externaltools.gnu-tools-for-stm32.12.3.rel1.win32_1.0.200.202406191623/tools/bin/../lib/gcc/arm-none-eabi/12.3.1/thumb/v7-m/nofp/crtbegin.o
 .ARM.attributes
                0x0000004a       0x2d ./MCU/STM32F103x6_EXTI_Driver.o
 .ARM.attributes
                0x00000077       0x2d ./MCU/STM32F103x6_I2C_Driver.o
 .ARM.attributes
                0x000000a4       0x2d ./MCU/STM32F103x6_SPI_Driver.o
 .ARM.attributes
                0x000000d1       0x2d ./MCU/STM32F103x6_USART_Driver.o
 .ARM.attributes
                0x000000fe       0x2d ./RTOS/RTOS_CMxPorting.o
 .ARM.attributes
                0x0000012b       0x2d ./RTOS/RTOS_Scheduler.o
 .ARM.attributes
                0x00000158       0x2d ./Src/main.o
 .ARM.attributes
                0x00000185       0x21 ./Startup/startup_stm32f103c6tx.o
 .ARM.attributes
                0x000001a6       0x2d ./Utils/Queue.o
 .ARM.attributes
                0x000001d3       0x2d C:/ST/STM32CubeIDE_1.15.1/STM32CubeIDE/plugins/com.st.stm32cube.ide.mcu.externaltools.gnu-tools-for-stm32.12.3.rel1.win32_1.0.200.202406191623/tools/bin/../lib/gcc/arm-none-eabi/12.3.1/../../../../arm-none-eabi/lib/thumb/v7-m/nofp\libc_nano.a(libc_a-init.o)
 .ARM.attributes
                0x00000200       0x1d C:/ST/STM32CubeIDE_1.15.1/STM32CubeIDE/plugins/com.st.stm32cube.ide.mcu.externaltools.gnu-tools-for-stm32.12.3.rel1.win32_1.0.200.202406191623/tools/bin/../lib/gcc/arm-none-eabi/12.3.1/thumb/v7-m/nofp/crtn.o
OUTPUT(anaRTOS.axf elf32-littlearm)
LOAD linker stubs
LOAD C:/ST/STM32CubeIDE_1.15.1/STM32CubeIDE/plugins/com.st.stm32cube.ide.mcu.externaltools.gnu-tools-for-stm32.12.3.rel1.win32_1.0.200.202406191623/tools/bin/../lib/gcc/arm-none-eabi/12.3.1/../../../../arm-none-eabi/lib/thumb/v7-m/nofp\libc.a
LOAD C:/ST/STM32CubeIDE_1.15.1/STM32CubeIDE/plugins/com.st.stm32cube.ide.mcu.externaltools.gnu-tools-for-stm32.12.3.rel1.win32_1.0.200.202406191623/tools/bin/../lib/gcc/arm-none-eabi/12.3.1/../../../../arm-none-eabi/lib/thumb/v7-m/nofp\libm.a
LOAD C:/ST/STM32CubeIDE_1.15.1/STM32CubeIDE/plugins/com.st.stm32cube.ide.mcu.externaltools.gnu-tools-for-stm32.12.3.rel1.win32_1.0.200.202406191623/tools/bin/../lib/gcc/arm-none-eabi/12.3.1/thumb/v7-m/nofp\libgcc.a

.debug_info     0x00000000     0x3831
 .debug_info    0x00000000      0x52b ./MCU/STM32F103x6_EXTI_Driver.o
 .debug_info    0x0000052b      0xb1d ./MCU/STM32F103x6_I2C_Driver.o
 .debug_info    0x00001048      0x712 ./MCU/STM32F103x6_SPI_Driver.o
 .debug_info    0x0000175a      0x62c ./MCU/STM32F103x6_USART_Driver.o
 .debug_info    0x00001d86      0x651 ./RTOS/RTOS_CMxPorting.o
 .debug_info    0x000023d7      0xbf7 ./RTOS/RTOS_Scheduler.o
 .debug_info    0x00002fce      0x3f7 ./Src/main.o
 .debug_info    0x000033c5       0x30 ./Startup/startup_stm32f103c6tx.o
 .debug_info    0x000033f5      0x43c ./Utils/Queue.o

.debug_abbrev   0x00000000      0xdec
 .debug_abbrev  0x00000000      0x178 ./MCU/STM32F103x6_EXTI_Driver.o
 .debug_abbrev  0x00000178      0x1f0 ./MCU/STM32F103x6_I2C_Driver.o
 .debug_abbrev  0x00000368      0x198 ./MCU/STM32F103x6_SPI_Driver.o
 .debug_abbrev  0x00000500      0x18d ./MCU/STM32F103x6_USART_Driver.o
 .debug_abbrev  0x0000068d      0x19d ./RTOS/RTOS_CMxPorting.o
 .debug_abbrev  0x0000082a      0x331 ./RTOS/RTOS_Scheduler.o
 .debug_abbrev  0x00000b5b      0x159 ./Src/main.o
 .debug_abbrev  0x00000cb4       0x1d ./Startup/startup_stm32f103c6tx.o
 .debug_abbrev  0x00000cd1      0x11b ./Utils/Queue.o

.debug_loc      0x00000000     0x17b0
 .debug_loc     0x00000000      0x320 ./MCU/STM32F103x6_EXTI_Driver.o
 .debug_loc     0x00000320      0x5ac ./MCU/STM32F103x6_I2C_Driver.o
 .debug_loc     0x000008cc      0x2a4 ./MCU/STM32F103x6_SPI_Driver.o
 .debug_loc     0x00000b70      0x288 ./MCU/STM32F103x6_USART_Driver.o
 .debug_loc     0x00000df8      0x1d8 ./RTOS/RTOS_CMxPorting.o
 .debug_loc     0x00000fd0      0x564 ./RTOS/RTOS_Scheduler.o
 .debug_loc     0x00001534      0x10c ./Src/main.o
 .debug_loc     0x00001640      0x170 ./Utils/Queue.o

.debug_aranges  0x00000000      0x390
 .debug_aranges
                0x00000000       0x80 ./MCU/STM32F103x6_EXTI_Driver.o
 .debug_aranges
                0x00000080       0xa8 ./MCU/STM32F103x6_I2C_Driver.o
 .debug_aranges
                0x00000128       0x58 ./MCU/STM32F103x6_SPI_Driver.o
 .debug_aranges
                0x00000180       0x60 ./MCU/STM32F103x6_USART_Driver.o
 .debug_aranges
                0x000001e0       0x60 ./RTOS/RTOS_CMxPorting.o
 .debug_aranges
                0x00000240       0xb0 ./RTOS/RTOS_Scheduler.o
 .debug_aranges
                0x000002f0       0x40 ./Src/main.o
 .debug_aranges
                0x00000330       0x28 ./Startup/startup_stm32f103c6tx.o
 .debug_aranges
                0x00000358       0x38 ./Utils/Queue.o

.debug_ranges   0x00000000      0x308
 .debug_ranges  0x00000000       0x70 ./MCU/STM32F103x6_EXTI_Driver.o
 .debug_ranges  0x00000070       0x98 ./MCU/STM32F103x6_I2C_Driver.o
 .debug_ranges  0x00000108       0x48 ./MCU/STM32F103x6_SPI_Driver.o
 .debug_ranges  0x00000150       0x50 ./MCU/STM32F103x6_USART_Driver.o
 .debug_ranges  0x000001a0       0x50 ./RTOS/RTOS_CMxPorting.o
 .debug_ranges  0x000001f0       0xa0 ./RTOS/RTOS_Scheduler.o
 .debug_ranges  0x00000290       0x30 ./Src/main.o
 .debug_ranges  0x000002c0       0x20 ./Startup/startup_stm32f103c6tx.o
 .debug_ranges  0x000002e0       0x28 ./Utils/Queue.o

.debug_macro    0x00000000     0x26a2
 .debug_macro   0x00000000      0x189 ./MCU/STM32F103x6_EXTI_Driver.o
 .debug_macro   0x00000189      0x24e ./MCU/STM32F103x6_EXTI_Driver.o
 .debug_macro   0x000003d7      0x19e ./MCU/STM32F103x6_I2C_Driver.o
 .debug_macro   0x00000575      0x19e ./MCU/STM32F103x6_SPI_Driver.o
 .debug_macro   0x00000713      0x192 ./MCU/STM32F103x6_USART_Driver.o
 .debug_macro   0x000008a5       0xc5 ./MCU/STM32F103x6_USART_Driver.o
 .debug_macro   0x0000096a      0x1ee ./RTOS/RTOS_CMxPorting.o
 .debug_macro   0x00000b58       0x16 ./RTOS/RTOS_CMxPorting.o
 .debug_macro   0x00000b6e       0x9e ./RTOS/RTOS_CMxPorting.o
 .debug_macro   0x00000c0c      0x10b ./RTOS/RTOS_CMxPorting.o
 .debug_macro   0x00000d17       0x16 ./RTOS/RTOS_CMxPorting.o
 .debug_macro   0x00000d2d       0x16 ./RTOS/RTOS_CMxPorting.o
 .debug_macro   0x00000d43       0x20 ./RTOS/RTOS_CMxPorting.o
 .debug_macro   0x00000d63       0x28 ./RTOS/RTOS_CMxPorting.o
 .debug_macro   0x00000d8b       0x2e ./RTOS/RTOS_CMxPorting.o
 .debug_macro   0x00000db9       0x10 ./RTOS/RTOS_CMxPorting.o
 .debug_macro   0x00000dc9       0x26 ./RTOS/RTOS_CMxPorting.o
 .debug_macro   0x00000def       0xc2 ./RTOS/RTOS_CMxPorting.o
 .debug_macro   0x00000eb1       0x28 ./RTOS/RTOS_CMxPorting.o
 .debug_macro   0x00000ed9      0xfcb ./RTOS/RTOS_CMxPorting.o
 .debug_macro   0x00001ea4      0x11f ./RTOS/RTOS_CMxPorting.o
 .debug_macro   0x00001fc3       0x46 ./RTOS/RTOS_CMxPorting.o
 .debug_macro   0x00002009      0x219 ./RTOS/RTOS_Scheduler.o
 .debug_macro   0x00002222       0x10 ./RTOS/RTOS_Scheduler.o
 .debug_macro   0x00002232      0x24a ./Src/main.o
 .debug_macro   0x0000247c      0x226 ./Utils/Queue.o

.debug_line     0x00000000     0x591c
 .debug_line    0x00000000      0xac3 ./MCU/STM32F103x6_EXTI_Driver.o
 .debug_line    0x00000ac3      0xe0a ./MCU/STM32F103x6_I2C_Driver.o
 .debug_line    0x000018cd      0xa4e ./MCU/STM32F103x6_SPI_Driver.o
 .debug_line    0x0000231b      0xac5 ./MCU/STM32F103x6_USART_Driver.o
 .debug_line    0x00002de0      0x8cd ./RTOS/RTOS_CMxPorting.o
 .debug_line    0x000036ad      0xf39 ./RTOS/RTOS_Scheduler.o
 .debug_line    0x000045e6      0x936 ./Src/main.o
 .debug_line    0x00004f1c       0x84 ./Startup/startup_stm32f103c6tx.o
 .debug_line    0x00004fa0      0x97c ./Utils/Queue.o

.debug_str      0x00000000    0x16209
 .debug_str     0x00000000     0xc4b5 ./MCU/STM32F103x6_EXTI_Driver.o
                               0xc6e2 (size before relaxing)
 .debug_str     0x0000c4b5      0x9f6 ./MCU/STM32F103x6_I2C_Driver.o
                               0xb922 (size before relaxing)
 .debug_str     0x0000ceab      0xa6e ./MCU/STM32F103x6_SPI_Driver.o
                               0xba10 (size before relaxing)
 .debug_str     0x0000d919      0x89f ./MCU/STM32F103x6_USART_Driver.o
                               0xb84c (size before relaxing)
 .debug_str     0x0000e1b8     0x75dd ./RTOS/RTOS_CMxPorting.o
                               0xed76 (size before relaxing)
 .debug_str     0x00015795      0x7bc ./RTOS/RTOS_Scheduler.o
                               0xf2bd (size before relaxing)
 .debug_str     0x00015f51       0x72 ./Src/main.o
                              0x12407 (size before relaxing)
 .debug_str     0x00015fc3       0x3f ./Startup/startup_stm32f103c6tx.o
                                 0x8d (size before relaxing)
 .debug_str     0x00016002      0x207 ./Utils/Queue.o
                               0xef26 (size before relaxing)

.comment        0x00000000       0x43
 .comment       0x00000000       0x43 ./MCU/STM32F103x6_EXTI_Driver.o
                                 0x44 (size before relaxing)
 .comment       0x00000043       0x44 ./MCU/STM32F103x6_I2C_Driver.o
 .comment       0x00000043       0x44 ./MCU/STM32F103x6_SPI_Driver.o
 .comment       0x00000043       0x44 ./MCU/STM32F103x6_USART_Driver.o
 .comment       0x00000043       0x44 ./RTOS/RTOS_CMxPorting.o
 .comment       0x00000043       0x44 ./RTOS/RTOS_Scheduler.o
 .comment       0x00000043       0x44 ./Src/main.o
 .comment       0x00000043       0x44 ./Utils/Queue.o

.debug_frame    0x00000000      0xc1c
 .debug_frame   0x00000000      0x1b0 ./MCU/STM32F103x6_EXTI_Driver.o
 .debug_frame   0x000001b0      0x2ac ./MCU/STM32F103x6_I2C_Driver.o
 .debug_frame   0x0000045c      0x144 ./MCU/STM32F103x6_SPI_Driver.o
 .debug_frame   0x000005a0      0x14c ./MCU/STM32F103x6_USART_Driver.o
 .debug_frame   0x000006ec      0x10c ./RTOS/RTOS_CMxPorting.o
 .debug_frame   0x000007f8      0x2a0 ./RTOS/RTOS_Scheduler.o
 .debug_frame   0x00000a98       0xa8 ./Src/main.o
 .debug_frame   0x00000b40       0xb0 ./Utils/Queue.o
 .debug_frame   0x00000bf0       0x2c C:/ST/STM32CubeIDE_1.15.1/STM32CubeIDE/plugins/com.st.stm32cube.ide.mcu.externaltools.gnu-tools-for-stm32.12.3.rel1.win32_1.0.200.202406191623/tools/bin/../lib/gcc/arm-none-eabi/12.3.1/../../../../arm-none-eabi/lib/thumb/v7-m/nofp\libc_nano.a(libc_a-init.o)
