../RTOS/RTOS_Scheduler.c:76:6:anaRTOS_Init	8	static
../RTOS/RTOS_Scheduler.c:96:6:anaRTOS_CreateTask	16	static
../RTOS/RTOS_Scheduler.c:121:6:anaRTOS_ActivateTask	16	static,ignoring_inline_asm
../RTOS/RTOS_Scheduler.c:129:6:anaRTOS_TerminateTask	16	static,ignoring_inline_asm
../RTOS/RTOS_Scheduler.c:137:6:anaRTOS_HoldTask	16	static,ignoring_inline_asm
../RTOS/RTOS_Scheduler.c:149:6:anaRTOS_AcquireSemaphore	16	static,ignoring_inline_asm
../RTOS/RTOS_Scheduler.c:185:6:anaRTOS_ReleaseSemaphore	24	static,ignoring_inline_asm
../RTOS/RTOS_Scheduler.c:234:6:anaRTOS_StartOS	16	static,ignoring_inline_asm
../RTOS/RTOS_Scheduler.c:270:6:SVC_Handler_C	24	static
../RTOS/RTOS_Scheduler.c:318:6:MSP_Init	4	static
../RTOS/RTOS_Scheduler.c:324:6:TCB_Init	24	static
../RTOS/RTOS_Scheduler.c:367:6:anaRTOS_IdleTaskFunc	4	static,ignoring_inline_asm
../RTOS/RTOS_Scheduler.c:375:6:anaRTOS_UpdateReadyQueue	16	static
../RTOS/RTOS_Scheduler.c:403:6:anaRTOS_UpdateNextExecutedTask	8	static
../RTOS/RTOS_Scheduler.c:444:6:BubbleSortArr	32	static
../RTOS/RTOS_Scheduler.c:461:6:anaRTOS_AddHighPriorityTaskToReadyQueue	24	static
../RTOS/RTOS_Scheduler.c:497:6:anaRTOS_UpdateTaskHoldingTime	16	static,ignoring_inline_asm
../RTOS/RTOS_Scheduler.c:523:28:PendSV_Handler	0	static,ignoring_inline_asm
../RTOS/RTOS_Scheduler.c:617:6:SysTick_Handler	8	static
